[    0.000000] Linux version 4.15.0-189-generic (buildd@lcy02-amd64-039) (gcc version 7.5.0 (Ubuntu 7.5.0-3ubuntu1~18.04)) #200-Ubuntu SMP Wed Jun 22 19:53:37 UTC 2022 (Ubuntu 4.15.0-189.200-generic 4.15.18)
[    0.000000] Command line: BOOT_IMAGE=/boot/vmlinuz-4.15.0-189-generic root=LABEL=cloudimg-rootfs ro console=tty1 console=ttyS0
[    0.000000] KERNEL supported cpus:
[    0.000000]   Intel GenuineIntel
[    0.000000]   AMD AuthenticAMD
[    0.000000]   Centaur CentaurHauls
[    0.000000] x86/fpu: x87 FPU will use FXSAVE
[    0.000000] e820: BIOS-provided physical RAM map:
[    0.000000] BIOS-e820: [mem 0x0000000000000000-0x000000000009fbff] usable
[    0.000000] BIOS-e820: [mem 0x000000000009fc00-0x000000000009ffff] reserved
[    0.000000] BIOS-e820: [mem 0x00000000000f0000-0x00000000000fffff] reserved
[    0.000000] BIOS-e820: [mem 0x0000000000100000-0x000000003ffeffff] usable
[    0.000000] BIOS-e820: [mem 0x000000003fff0000-0x000000003fffffff] ACPI data
[    0.000000] BIOS-e820: [mem 0x00000000fec00000-0x00000000fec00fff] reserved
[    0.000000] BIOS-e820: [mem 0x00000000fee00000-0x00000000fee00fff] reserved
[    0.000000] BIOS-e820: [mem 0x00000000fffc0000-0x00000000ffffffff] reserved
[    0.000000] NX (Execute Disable) protection: active
[    0.000000] SMBIOS 2.5 present.
[    0.000000] DMI: innotek GmbH VirtualBox/VirtualBox, BIOS VirtualBox 12/01/2006
[    0.000000] Hypervisor detected: KVM
[    0.000000] e820: last_pfn = 0x3fff0 max_arch_pfn = 0x400000000
[    0.000000] MTRR: Disabled
[    0.000000] x86/PAT: MTRRs disabled, skipping PAT initialization too.
[    0.000000] CPU MTRRs all blank - virtualized system.
[    0.000000] x86/PAT: Configuration [0-7]: WB  WT  UC- UC  WB  WT  UC- UC  
[    0.000000] found SMP MP-table at [mem 0x0009fff0-0x0009ffff]
[    0.000000] Scanning 1 areas for low memory corruption
[    0.000000] RAMDISK: [mem 0x359c5000-0x36cd9fff]
[    0.000000] ACPI: Early table checksum verification disabled
[    0.000000] ACPI: RSDP 0x00000000000E0000 000024 (v02 VBOX  )
[    0.000000] ACPI: XSDT 0x000000003FFF0030 00003C (v01 VBOX   VBOXXSDT 00000001 ASL  00000061)
[    0.000000] ACPI: FACP 0x000000003FFF00F0 0000F4 (v04 VBOX   VBOXFACP 00000001 ASL  00000061)
[    0.000000] ACPI: DSDT 0x000000003FFF0470 002325 (v02 VBOX   VBOXBIOS 00000002 INTL 20100528)
[    0.000000] ACPI: FACS 0x000000003FFF0200 000040
[    0.000000] ACPI: FACS 0x000000003FFF0200 000040
[    0.000000] ACPI: APIC 0x000000003FFF0240 00005C (v02 VBOX   VBOXAPIC 00000001 ASL  00000061)
[    0.000000] ACPI: SSDT 0x000000003FFF02A0 0001CC (v01 VBOX   VBOXCPUT 00000002 INTL 20100528)
[    0.000000] ACPI: Reserving FACP table memory at [mem 0x3fff00f0-0x3fff01e3]
[    0.000000] ACPI: Reserving DSDT table memory at [mem 0x3fff0470-0x3fff2794]
[    0.000000] ACPI: Reserving FACS table memory at [mem 0x3fff0200-0x3fff023f]
[    0.000000] ACPI: Reserving FACS table memory at [mem 0x3fff0200-0x3fff023f]
[    0.000000] ACPI: Reserving APIC table memory at [mem 0x3fff0240-0x3fff029b]
[    0.000000] ACPI: Reserving SSDT table memory at [mem 0x3fff02a0-0x3fff046b]
[    0.000000] No NUMA configuration found
[    0.000000] Faking a node at [mem 0x0000000000000000-0x000000003ffeffff]
[    0.000000] NODE_DATA(0) allocated [mem 0x3ffc5000-0x3ffeffff]
[    0.000000] kvm-clock: cpu 0, msr 0:3ff44001, primary cpu clock
[    0.000000] kvm-clock: Using msrs 4b564d01 and 4b564d00
[    0.000000] kvm-clock: using sched offset of 5663329017 cycles
[    0.000000] clocksource: kvm-clock: mask: 0xffffffffffffffff max_cycles: 0x1cd42e4dffb, max_idle_ns: 881590591483 ns
[    0.000000] Zone ranges:
[    0.000000]   DMA      [mem 0x0000000000001000-0x0000000000ffffff]
[    0.000000]   DMA32    [mem 0x0000000001000000-0x000000003ffeffff]
[    0.000000]   Normal   empty
[    0.000000]   Device   empty
[    0.000000] Movable zone start for each node
[    0.000000] Early memory node ranges
[    0.000000]   node   0: [mem 0x0000000000001000-0x000000000009efff]
[    0.000000]   node   0: [mem 0x0000000000100000-0x000000003ffeffff]
[    0.000000] Reserved but unavailable: 104 pages
[    0.000000] Initmem setup node 0 [mem 0x0000000000001000-0x000000003ffeffff]
[    0.000000] ACPI: PM-Timer IO Port: 0x4008
[    0.000000] IOAPIC[0]: apic_id 2, version 32, address 0xfec00000, GSI 0-23
[    0.000000] ACPI: INT_SRC_OVR (bus 0 bus_irq 0 global_irq 2 dfl dfl)
[    0.000000] ACPI: INT_SRC_OVR (bus 0 bus_irq 9 global_irq 9 low level)
[    0.000000] Using ACPI (MADT) for SMP configuration information
[    0.000000] smpboot: Allowing 2 CPUs, 0 hotplug CPUs
[    0.000000] PM: Registered nosave memory: [mem 0x00000000-0x00000fff]
[    0.000000] PM: Registered nosave memory: [mem 0x0009f000-0x0009ffff]
[    0.000000] PM: Registered nosave memory: [mem 0x000a0000-0x000effff]
[    0.000000] PM: Registered nosave memory: [mem 0x000f0000-0x000fffff]
[    0.000000] e820: [mem 0x40000000-0xfebfffff] available for PCI devices
[    0.000000] Booting paravirtualized kernel on KVM
[    0.000000] clocksource: refined-jiffies: mask: 0xffffffff max_cycles: 0xffffffff, max_idle_ns: 7645519600211568 ns
[    0.000000] random: get_random_bytes called from start_kernel+0x99/0x500 with crng_init=0
[    0.000000] setup_percpu: NR_CPUS:8192 nr_cpumask_bits:2 nr_cpu_ids:2 nr_node_ids:1
[    0.000000] percpu: Embedded 50 pages/cpu s167936 r8192 d28672 u1048576
[    0.000000] PV qspinlock hash table entries: 256 (order: 0, 4096 bytes)
[    0.000000] Built 1 zonelists, mobility grouping on.  Total pages: 257913
[    0.000000] Policy zone: DMA32
[    0.000000] Kernel command line: BOOT_IMAGE=/boot/vmlinuz-4.15.0-189-generic root=LABEL=cloudimg-rootfs ro console=tty1 console=ttyS0
[    0.000000] Memory: 982636K/1048120K available (12300K kernel code, 2484K rwdata, 4324K rodata, 2468K init, 2724K bss, 65484K reserved, 0K cma-reserved)
[    0.000000] SLUB: HWalign=64, Order=0-3, MinObjects=0, CPUs=2, Nodes=1
[    0.000000] Kernel/User page tables isolation: enabled
[    0.000000] ftrace: allocating 39515 entries in 155 pages
[    0.004000] Hierarchical RCU implementation.
[    0.004000] 	RCU restricting CPUs from NR_CPUS=8192 to nr_cpu_ids=2.
[    0.004000] 	Tasks RCU enabled.
[    0.004000] RCU: Adjusting geometry for rcu_fanout_leaf=16, nr_cpu_ids=2
[    0.004000] NR_IRQS: 524544, nr_irqs: 440, preallocated irqs: 16
[    0.004000] Console: colour VGA+ 80x25
[    0.004000] console [tty1] enabled
[    0.004000] console [ttyS0] enabled
[    0.004000] ACPI: Core revision 20170831
[    0.004000] ACPI: 2 ACPI AML tables successfully acquired and loaded
[    0.004000] APIC: Switch to symmetric I/O mode setup
[    0.008000] ..TIMER: vector=0x30 apic1=0 pin1=2 apic2=-1 pin2=-1
[    0.008005] tsc: Detected 2494.226 MHz processor
[    0.012014] Calibrating delay loop (skipped) preset value.. 4988.45 BogoMIPS (lpj=9976904)
[    0.016011] pid_max: default: 32768 minimum: 301
[    0.020106] Security Framework initialized
[    0.024006] Yama: becoming mindful.
[    0.028134] AppArmor: AppArmor initialized
[    0.039128] Dentry cache hash table entries: 131072 (order: 8, 1048576 bytes)
[    0.043273] Inode-cache hash table entries: 65536 (order: 7, 524288 bytes)
[    0.044178] Mount-cache hash table entries: 2048 (order: 2, 16384 bytes)
[    0.048105] Mountpoint-cache hash table entries: 2048 (order: 2, 16384 bytes)
[    0.057991] Last level iTLB entries: 4KB 1024, 2MB 1024, 4MB 1024
[    0.060005] Last level dTLB entries: 4KB 1024, 2MB 1024, 4MB 1024, 1GB 4
[    0.064006] Spectre V1 : Mitigation: usercopy/swapgs barriers and __user pointer sanitization
[    0.068007] Spectre V2 : Mitigation: Retpolines
[    0.076004] Spectre V2 : Spectre v2 / SpectreRSB mitigation: Filling RSB on context switch
[    0.080006] Speculative Store Bypass: Vulnerable
[    0.084056] MDS: Mitigation: Clear CPU buffers
[    0.088240] Freeing SMP alternatives memory: 36K
[    0.207654] smpboot: CPU0: Intel(R) Core(TM) i5-4300U CPU @ 1.90GHz (family: 0x6, model: 0x45, stepping: 0x1)
[    0.212737] Performance Events: unsupported p6 CPU model 69 no PMU driver, software events only.
[    0.216277] Hierarchical SRCU implementation.
[    0.224515] NMI watchdog: Perf event create on CPU 0 failed with -2
[    0.228008] NMI watchdog: Perf NMI watchdog permanently disabled
[    0.232554] smp: Bringing up secondary CPUs ...
[    0.237644] x86: Booting SMP configuration:
[    0.240006] .... node  #0, CPUs:      #1
[    0.004000] kvm-clock: cpu 1, msr 0:3ff44041, secondary cpu clock
[    0.264000] TSC synchronization [CPU#0 -> CPU#1]:
[    0.264000] Measured 101086 cycles TSC warp between CPUs, turning off TSC clock.
[    0.264000] tsc: Marking TSC unstable due to check_tsc_sync_source failed
[    0.272914] smp: Brought up 1 node, 2 CPUs
[    0.276009] smpboot: Max logical packages: 1
[    0.280008] smpboot: Total of 2 processors activated (9976.90 BogoMIPS)
[    0.289107] devtmpfs: initialized
[    0.292156] x86/mm: Memory block size: 128MB
[    0.296655] evm: security.selinux
[    0.300004] evm: security.SMACK64
[    0.304004] evm: security.SMACK64EXEC
[    0.308005] evm: security.SMACK64TRANSMUTE
[    0.312005] evm: security.SMACK64MMAP
[    0.316005] evm: security.apparmor
[    0.320004] evm: security.ima
[    0.324005] evm: security.capability
[    0.333140] clocksource: jiffies: mask: 0xffffffff max_cycles: 0xffffffff, max_idle_ns: 7645041785100000 ns
[    0.336022] futex hash table entries: 512 (order: 3, 32768 bytes)
[    0.340319] pinctrl core: initialized pinctrl subsystem
[    0.348453] RTC time: 19:33:25, date: 07/22/22
[    0.356731] NET: Registered protocol family 16
[    0.364022] audit: initializing netlink subsys (disabled)
[    0.372314] audit: type=2000 audit(1658518410.995:1): state=initialized audit_enabled=0 res=1
[    0.396009] cpuidle: using governor ladder
[    0.404015] cpuidle: using governor menu
[    0.408055] ACPI: bus type PCI registered
[    0.412004] acpiphp: ACPI Hot Plug PCI Controller Driver version: 0.5
[    0.417037] PCI: Using configuration type 1 for base access
[    0.432254] HugeTLB registered 2.00 MiB page size, pre-allocated 0 pages
[    0.444448] ACPI: Added _OSI(Module Device)
[    0.448006] ACPI: Added _OSI(Processor Device)
[    0.456007] ACPI: Added _OSI(3.0 _SCP Extensions)
[    0.460005] ACPI: Added _OSI(Processor Aggregator Device)
[    0.464014] ACPI: Added _OSI(Linux-Dell-Video)
[    0.468005] ACPI: Added _OSI(Linux-Lenovo-NV-HDMI-Audio)
[    0.472007] ACPI: Added _OSI(Linux-HPI-Hybrid-Graphics)
[    0.481960] ACPI: Executed 1 blocks of module-level executable AML code
[    0.493702] ACPI: Interpreter enabled
[    0.496025] ACPI: (supports S0 S5)
[    0.500007] ACPI: Using IOAPIC for interrupt routing
[    0.504721] PCI: Using host bridge windows from ACPI; if necessary, use "pci=nocrs" and report a bug
[    0.512446] ACPI: Enabled 2 GPEs in block 00 to 07
[    0.536315] ACPI: PCI Root Bridge [PCI0] (domain 0000 [bus 00-ff])
[    0.544021] acpi PNP0A03:00: _OSC: OS supports [ASPM ClockPM Segments MSI]
[    0.549258] acpi PNP0A03:00: _OSC: not requesting OS control; OS requires [ExtendedConfig ASPM ClockPM MSI]
[    0.552020] acpi PNP0A03:00: fail to add MMCONFIG information, can't access extended PCI configuration space under this bridge.
[    0.560340] PCI host bridge to bus 0000:00
[    0.568004] pci_bus 0000:00: root bus resource [io  0x0000-0x0cf7 window]
[    0.572013] pci_bus 0000:00: root bus resource [io  0x0d00-0xffff window]
[    0.576009] pci_bus 0000:00: root bus resource [mem 0x000a0000-0x000bffff window]
[    0.580010] pci_bus 0000:00: root bus resource [mem 0x40000000-0xfdffffff window]
[    0.584009] pci_bus 0000:00: root bus resource [bus 00-ff]
[    0.603508] pci 0000:00:01.1: legacy IDE quirk: reg 0x10: [io  0x01f0-0x01f7]
[    0.604007] pci 0000:00:01.1: legacy IDE quirk: reg 0x14: [io  0x03f6]
[    0.608008] pci 0000:00:01.1: legacy IDE quirk: reg 0x18: [io  0x0170-0x0177]
[    0.612006] pci 0000:00:01.1: legacy IDE quirk: reg 0x1c: [io  0x0376]
[    0.667100] pci 0000:00:07.0: quirk: [io  0x4000-0x403f] claimed by PIIX4 ACPI
[    0.668084] pci 0000:00:07.0: quirk: [io  0x4100-0x410f] claimed by PIIX4 SMB
[    0.701950] ACPI: PCI Interrupt Link [LNKA] (IRQs 5 9 10 *11)
[    0.705702] ACPI: PCI Interrupt Link [LNKB] (IRQs 5 9 *10 11)
[    0.708349] ACPI: PCI Interrupt Link [LNKC] (IRQs 5 *9 10 11)
[    0.712359] ACPI: PCI Interrupt Link [LNKD] (IRQs 5 9 10 *11)
[    0.717148] SCSI subsystem initialized
[    0.724574] pci 0000:00:02.0: vgaarb: setting as boot VGA device
[    0.728000] pci 0000:00:02.0: vgaarb: VGA device added: decodes=io+mem,owns=io+mem,locks=none
[    0.728011] pci 0000:00:02.0: vgaarb: bridge control possible
[    0.732004] vgaarb: loaded
[    0.736100] ACPI: bus type USB registered
[    0.740061] usbcore: registered new interface driver usbfs
[    0.744024] usbcore: registered new interface driver hub
[    0.748026] usbcore: registered new device driver usb
[    0.756310] EDAC MC: Ver: 3.0.0
[    0.764585] PCI: Using ACPI for IRQ routing
[    0.772828] NetLabel: Initializing
[    0.776005] NetLabel:  domain hash size = 128
[    0.780004] NetLabel:  protocols = UNLABELED CIPSOv4 CALIPSO
[    0.784261] NetLabel:  unlabeled traffic allowed by default
[    0.792010] clocksource: Switched to clocksource kvm-clock
[    0.823263] VFS: Disk quotas dquot_6.6.0
[    0.823263] VFS: Dquot-cache hash table entries: 512 (order 0, 4096 bytes)
[    0.823263] AppArmor: AppArmor Filesystem Enabled
[    0.823263] pnp: PnP ACPI init
[    0.823263] pnp: PnP ACPI: found 3 devices
[    1.052642] clocksource: acpi_pm: mask: 0xffffff max_cycles: 0xffffff, max_idle_ns: 2085701024 ns
[    1.056530] NET: Registered protocol family 2
[    1.056530] IP idents hash table entries: 16384 (order: 5, 131072 bytes)
[    1.090176] TCP established hash table entries: 8192 (order: 4, 65536 bytes)
[    1.103805] TCP bind hash table entries: 8192 (order: 5, 131072 bytes)
[    1.118150] TCP: Hash tables configured (established 8192 bind 8192)
[    1.130606] UDP hash table entries: 512 (order: 2, 16384 bytes)
[    1.133570] UDP-Lite hash table entries: 512 (order: 2, 16384 bytes)
[    1.133570] NET: Registered protocol family 1
[    1.133570] pci 0000:00:00.0: Limiting direct PCI/PCI transfers
[    1.133570] pci 0000:00:01.0: Activating ISA DMA hang workarounds
[    1.133570] pci 0000:00:02.0: Video device with shadowed ROM at [mem 0x000c0000-0x000dffff]
[    1.133570] Unpacking initramfs...
[    1.995602] Freeing initrd memory: 19540K
[    2.005940] clocksource: tsc: mask: 0xffffffffffffffff max_cycles: 0x23f3eb3743e, max_idle_ns: 440795257847 ns
[    2.029008] platform rtc_cmos: registered platform RTC device (no PNP device found)
[    2.046166] Scanning for low memory corruption every 60 seconds
[    2.062765] Initialise system trusted keyrings
[    2.073406] Key type blacklist registered
[    2.083479] workingset: timestamp_bits=36 max_order=18 bucket_order=0
[    2.102764] zbud: loaded
[    2.109614] squashfs: version 4.0 (2009/01/31) Phillip Lougher
[    2.123284] fuse init (API version 7.26)
[    2.174943] Key type asymmetric registered
[    2.185755] Asymmetric key parser 'x509' registered
[    2.195443] Block layer SCSI generic (bsg) driver version 0.4 loaded (major 246)
[    2.210426] io scheduler noop registered
[    2.217860] io scheduler deadline registered
[    2.227001] io scheduler cfq registered (default)
[    2.237137] ACPI: AC Adapter [AC] (on-line)
[    2.244929] input: Power Button as /devices/LNXSYSTM:00/LNXPWRBN:00/input/input0
[    2.259413] ACPI: Power Button [PWRF]
[    2.266790] input: Sleep Button as /devices/LNXSYSTM:00/LNXSLPBN:00/input/input1
[    2.270527] ACPI: Sleep Button [SLPF]
[    2.289281] Serial: 8250/16550 driver, 32 ports, IRQ sharing enabled
[    2.291726] ACPI: Battery Slot [BAT0] (battery present)
[    2.339568] 00:02: ttyS0 at I/O 0x3f8 (irq = 4, base_baud = 115200) is a 16550A
[    2.394063] Linux agpgart interface v0.103
[    2.414875] loop: module loaded
[    2.427603] scsi host0: ata_piix
[    2.436405] scsi host1: ata_piix
[    2.444163] ata1: PATA max UDMA/33 cmd 0x1f0 ctl 0x3f6 bmdma 0xd000 irq 14
[    2.457096] ata2: PATA max UDMA/33 cmd 0x170 ctl 0x376 bmdma 0xd008 irq 15
[    2.472210] tun: Universal TUN/TAP device driver, 1.6
[    2.483053] PPP generic driver version 2.4.2
[    2.493953] ehci_hcd: USB 2.0 'Enhanced' Host Controller (EHCI) Driver
[    2.505839] ehci-pci: EHCI PCI platform driver
[    2.514335] ehci-platform: EHCI generic platform driver
[    2.524685] ohci_hcd: USB 1.1 'Open' Host Controller (OHCI) Driver
[    2.535961] ohci-pci: OHCI PCI platform driver
[    2.544374] ohci-platform: OHCI generic platform driver
[    2.554414] uhci_hcd: USB Universal Host Controller Interface driver
[    2.567307] i8042: PNP: PS/2 Controller [PNP0303:PS2K,PNP0f03:PS2M] at 0x60,0x64 irq 1,12
[    2.590926] serio: i8042 KBD port at 0x60,0x64 irq 1
[    2.600294] serio: i8042 AUX port at 0x60,0x64 irq 12
[    2.612895] mousedev: PS/2 mouse device common for all mice
[    2.630437] rtc_cmos rtc_cmos: rtc core: registered rtc_cmos as rtc0
[    2.645729] rtc_cmos rtc_cmos: alarms up to one day, 114 bytes nvram
[    2.660263] i2c /dev entries driver
[    2.666981] device-mapper: uevent: version 1.0.3
[    2.677928] device-mapper: ioctl: 4.37.0-ioctl (2017-09-20) initialised: dm-devel@redhat.com
[    2.732567] ledtrig-cpu: registered to indicate activity on CPUs
[    2.745284] input: AT Translated Set 2 keyboard as /devices/platform/i8042/serio0/input/input2
[    2.766649] NET: Registered protocol family 10
[    2.794860] Segment Routing with IPv6
[    2.802351] NET: Registered protocol family 17
[    2.812818] Key type dns_resolver registered
[    2.822440] mce: Using 0 MCE banks
[    2.829477] RAS: Correctable Errors collector initialized.
[    2.839656] sched_clock: Marking stable (2839536424, 0)->(4850463345, -2010926921)
[    2.860813] registered taskstats version 1
[    2.871191] Loading compiled-in X.509 certificates
[    2.889100] Loaded X.509 cert 'Build time autogenerated kernel key: 9c4811ffd453f4b0c13447eb15d717d926dfaff5'
[    2.907423] Loaded X.509 cert 'Canonical Ltd. Live Patch Signing: 14df34d1a87cf37625abec039ef2bf521249b969'
[    2.925995] Loaded X.509 cert 'Canonical Ltd. Kernel Module Signing: 88f752e560a1e0737e31163a466ad7b70a850c19'
[    2.944471] blacklist: Loading compiled-in revocation X.509 certificates
[    2.957395] Loaded X.509 cert 'Canonical Ltd. Secure Boot Signing: 61482aa2830d0ab2ad5af10b7250da9033ddcef0'
[    2.975028] zswap: loaded using pool lzo/zbud
[    3.005757] Key type big_key registered
[    3.013434] Key type trusted registered
[    3.029679] Key type encrypted registered
[    3.037689] AppArmor: AppArmor sha1 policy hashing enabled
[    3.048331] ima: No TPM chip found, activating TPM-bypass! (rc=-19)
[    3.060138] ima: Allocated hash algorithm: sha1
[    3.069005] evm: HMAC attrs: 0x1
[    3.077443]   Magic number: 14:704:597
[    3.086777] rtc_cmos rtc_cmos: setting system clock to 2022-07-22 19:33:28 UTC (1658518408)
[    3.103459] BIOS EDD facility v0.16 2004-Jun-25, 0 devices found
[    3.116318] EDD information not available.
[    3.134282] Freeing unused kernel image memory: 2468K
[    3.394497] Write protecting the kernel read-only data: 20480k
[    3.419763] Freeing unused kernel image memory: 2008K
[    3.430800] Freeing unused kernel image memory: 1820K
[    3.448452] x86/mm: Checked W+X mappings: passed, no W+X pages found.
[    3.460158] x86/mm: Checking user space page tables
[    3.475336] x86/mm: Checked W+X mappings: passed, no W+X pages found.
Loading, please wait...
starting version 237
[    3.706944] Fusion MPT base driver 3.04.20
[    3.716018] Copyright (c) 1999-2008 LSI Corporation
[    3.737736] pcnet32: pcnet32.c:v1.35 21.Apr.2008 tsbogend@alpha.franken.de
[    3.762556] pcnet32: PCnet/FAST III 79C973 at 0xd240, 08:00:27:47:4a:25 assigned IRQ 16
[    3.789245] e1000: Intel(R) PRO/1000 Network Driver - version 7.3.21-k8-NAPI
[    3.789354] pcnet32: Found PHY 0022:561b at address 0
[    3.802940] e1000: Copyright (c) 1999-2006 Intel Corporation.
[    3.831129] pcnet32: eth0: registered as PCnet/FAST III 79C973
[    3.864798] pcnet32: 1 cards_found
[    3.908713] pcnet32 0000:00:08.0 enp0s8: renamed from eth0
[    3.924899] Fusion MPT SPI Host driver 3.04.20
[    4.294290] input: ImExPS/2 Generic Explorer Mouse as /devices/platform/i8042/serio1/input/input4
[    5.346708] e1000 0000:00:03.0 eth0: (PCI:33MHz:32-bit) 02:70:df:2f:2a:c8
[    5.358695] e1000 0000:00:03.0 eth0: Intel(R) PRO/1000 Network Connection
[    5.379423] mptbase: ioc0: Initiating bringup
[    5.499046] ioc0: LSI53C1030 A0: Capabilities={Initiator}
[    5.817583] scsi host2: ioc0: LSI53C1030 A0, FwRev=00000000h, Ports=1, MaxQ=256, IRQ=20
[    6.003991] scsi 2:0:0:0: Direct-Access     VBOX     HARDDISK         1.0  PQ: 0 ANSI: 5
[    6.052343] scsi target2:0:0: Beginning Domain Validation
[    6.097150] scsi target2:0:0: Domain Validation skipping write tests
[    6.110234] scsi target2:0:0: Ending Domain Validation
[    6.123277] scsi target2:0:0: asynchronous
[    6.135970] random: fast init done
[    6.145846] scsi 2:0:1:0: Direct-Access     VBOX     HARDDISK         1.0  PQ: 0 ANSI: 5
[    6.408317] scsi target2:0:1: Beginning Domain Validation
[    6.433081] scsi target2:0:1: Domain Validation skipping write tests
[    6.448087] scsi target2:0:1: Ending Domain Validation
[    6.459812] scsi target2:0:1: asynchronous
[    6.495549] random: systemd-udevd: uninitialized urandom read (16 bytes read)
[    6.511907] sd 2:0:0:0: Attached scsi generic sg0 type 0
[    6.523370] sd 2:0:1:0: Attached scsi generic sg1 type 0
[    6.536773] random: systemd-udevd: uninitialized urandom read (16 bytes read)
[    6.553549] random: systemd-udevd: uninitialized urandom read (16 bytes read)
[    6.570199] sd 2:0:1:0: [sdb] 20480 512-byte logical blocks: (10.5 MB/10.0 MiB)
[    6.592725] sd 2:0:1:0: [sdb] Write Protect is off
[    6.603897] sd 2:0:0:0: [sda] 83886080 512-byte logical blocks: (42.9 GB/40.0 GiB)
[    6.621804] sd 2:0:1:0: [sdb] Incomplete mode parameter data
[    6.632815] sd 2:0:1:0: [sdb] Assuming drive cache: write through
[    6.645986] sd 2:0:0:0: [sda] Write Protect is off
[    6.660068] sd 2:0:0:0: [sda] Incomplete mode parameter data
[    6.675495] sd 2:0:0:0: [sda] Assuming drive cache: write through
[    6.734813]  sda: sda1
[    6.751262] sd 2:0:0:0: [sda] Attached SCSI disk
[    6.774771] sd 2:0:1:0: [sdb] Attached SCSI disk
[    7.349008] e1000 0000:00:09.0 eth1: (PCI:33MHz:32-bit) 08:00:27:31:ca:1a
[    7.362589] e1000 0000:00:09.0 eth1: Intel(R) PRO/1000 Network Connection
[    7.381105] e1000 0000:00:03.0 enp0s3: renamed from eth0
[    7.406028] e1000 0000:00:09.0 enp0s9: renamed from eth1
Begin: Loading essential drivers ... [   10.480991] raid6: sse2x1   gen()  7189 MB/s
[   10.536998] raid6: sse2x1   xor()  3563 MB/s
[   10.593158] raid6: sse2x2   gen()  9033 MB/s
[   10.648740] raid6: sse2x2   xor()  5708 MB/s
[   10.704436] raid6: sse2x4   gen() 10794 MB/s
[   10.760438] raid6: sse2x4   xor()  6431 MB/s
[   10.768832] raid6: using algorithm sse2x4 gen() 10794 MB/s
[   10.779301] raid6: .... xor() 6431 MB/s, rmw enabled
[   10.789501] raid6: using ssse3x2 recovery algorithm
[   10.805532] xor: measuring software checksum speed
[   10.852555]    prefetch64-sse: 15193.000 MB/sec
[   10.900270]    generic_sse: 14318.000 MB/sec
[   10.909326] xor: using function: prefetch64-sse (15193.000 MB/sec)
[   10.925496] async_tx: api initialized (async)
done.
Begin: Running /scripts/init-premount ... done.
Begin: Mounting root file system ... Begin: Running /scripts/local-top ... done.
Begin: Running /scripts/local-premount ... [   11.071099] Btrfs loaded, crc32c=crc32c-intel
Scanning for Btrfs filesystems
done.
Warning: fsck not present, so skipping root file system
[   11.301551] EXT4-fs (sda1): mounted filesystem with ordered data mode. Opts: (null)
done.
Begin: Running /scripts/local-bottom ... done.
Begin: Running /scripts/init-bottom ... done.
[   12.528314] ip_tables: (C) 2000-2006 Netfilter Core Team
[   12.669167] systemd[1]: systemd 237 running in system mode. (+PAM +AUDIT +SELINUX +IMA +APPARMOR +SMACK +SYSVINIT +UTMP +LIBCRYPTSETUP +GCRYPT +GNUTLS +ACL +XZ +LZ4 +SECCOMP +BLKID +ELFUTILS +KMOD -IDN2 +IDN -PCRE2 default-hierarchy=hybrid)
[   12.712887] systemd[1]: Detected virtualization oracle.
[   12.723620] systemd[1]: Detected architecture x86-64.

Welcome to [1mUbuntu 18.04.6 LTS[0m!

[   12.875230] systemd[1]: Set hostname to <ubuntu>.
[   12.915374] systemd[1]: Initializing machine ID from random generator.
[   12.927458] systemd[1]: Installed transient /etc/machine-id file.
[   13.705505] random: crng init done
[   13.716320] random: 7 urandom warning(s) missed due to ratelimiting
[   14.910586] systemd[1]: Reached target System Time Synchronized.
[[0;32m  OK  [0m] Reached target System Time Synchronized.
[   14.959733] systemd[1]: Created slice User and Session Slice.
[[0;32m  OK  [0m] Created slice User and Session Slice.
[   14.978189] systemd[1]: Created slice System Slice.
[[0;32m  OK  [0m] Created slice System Slice.
[   14.994448] systemd[1]: Listening on Network Service Netlink Socket.
[[0;32m  OK  [0m] Listening on Network Service Netlink Socket.
[[0;32m  OK  [0m] Listening on Syslog Socket.
[[0;32m  OK  [0m] Listening on Journal Socket.
         Starting Load Kernel Modules...
[[0;32m  OK  [0m] Listening on LVM2 metadata daemon socket.
[[0;32m  OK  [0m] Listening on udev Control Socket.
         Starting Set the console keyboard layout...
[[0;32m  OK  [0m] Listening on fsck to fsckd communication Socket.
[[0;32m  OK  [0m] Listening on LVM2 poll daemon socket.
         Starting Create list of required stâ€¦ce nodes for the current kernel...
[[0;32m  OK  [0m] Reached target Swap.
[[0;32m  OK  [0m] Reached target User and Group Name Lookups.
[[0;32m  OK  [0m] Set up automount Arbitrary Executabâ€¦rmats File System Automount Point.
         Starting Uncomplicated firewall...
[[0;32m  OK  [0m] Listening on udev Kernel Socket.
         Starting udev Coldplug all Devices...
[[0;32m  OK  [0m] Listening on /dev/initctl Compatibility Named Pipe.
[[0;32m  OK  [0m] Listening on Journal Socket (/dev/log).
[[0;32m  OK  [0m] Started Forward Password Requests to Wall Directory Watch.
         [   15.195571] Loading iSCSI transport class v2.0-870.
Mounting Huge Pages File System...
         Starting File System Check on Root Device...
[[0;32m  OK  [0m] Listening on Device-mapper event daemon FIFOs.
         Starting Monitoring of LVM2 mirrorsâ€¦ng dmeventd or progress polling...
[[0;32m  OK  [0m] Created slice system-serial\x2dgetty.slice.
         Mounting Kernel Debug File System...
[[0;32m  OK  [0m] Listening on Journal Audit Socket.
         Starting Journal Service...
         Mounting POSIX Message Queue File System...
[   15.356979] iscsi: registered transport (tcp)
[[0;32m  OK  [0m] Reached target Slices.
[[0;32m  OK  [0m] Started Create list of required staâ€¦vice nodes for the current kernel.
[[0;32m  OK  [0m] Started Uncomplicated firewall.
[[0;32m  OK  [0m] Mounted Huge Pages File System.
[[0;32m  OK  [0m] Mounted Kernel Debug File System.
[[0;32m  OK  [0m] Mounted POSIX Message Queue File System.
[[0;32m  OK  [0m] Started File System Check Daemon to report status.
         Starting Create Static Device Nodes in /dev...
[[0;32m  OK  [0m] Started udev Coldplug all Devices.
[[0;32m  OK  [0m] Started Journal Service.
[[0;32m  OK  [0m] Started LVM2 metadata daemon.
[[0;32m  OK  [0m] Started File System Check on Root Device.
         Starting Remount Root and Kernel File Systems...
[[0;32m  OK  [0m] Started Create Static Device Nodes in /dev.
[   16.564357] EXT4-fs (sda1): re-mounted. Opts: (null)
[[0;32m  OK  [0m] Started Remount Root and Kernel File Systems.
         Starting Load/Save Random Seed...
[   16.645197] iscsi: registered transport (iser)
         Starting udev Kernel Device Manager...
         Starting Flush Journal to Persistent Storage...
[[0;32m  OK  [0m] Started Load Kernel Modules.
[[0;32m  OK  [0m] Started Monitoring of LVM2 mirrors,â€¦sing dmeventd or progress polling.
[[0;32m  OK  [0m] Started Load/Save Random Seed.
         Mounting FUSE Control File System...
         Mounting Kernel Configuration File System...
         Starting Apply Kernel Variables...
[[0;32m  OK  [0m] Mounted FUSE Control File System.
[[0;32m  OK  [0m] Mounted Kernel Configuration File System.
[   16.821834] systemd-journald[383]: Received request to flush runtime journal from PID 1
[[0;32m  OK  [0m] Started udev Kernel Device Manager.
[[0;32m  OK  [0m] Started Apply Kernel Variables.
[[0;32m  OK  [0m] Started Flush Journal to Persistent Storage.
[[0;32m  OK  [0m] Found device /dev/ttyS0.
[[0;32m  OK  [0m] Listening on Load/Save RF Kill Switch Status /dev/rfkill Watch.
[[0;32m  OK  [0m] Started Set the console keyboard layout.
[[0;32m  OK  [0m] Reached target Local File Systems (Pre).
[[0;32m  OK  [0m] Reached target Local File Systems.
         Starting Create Volatile Files and Directories...
         Starting Tell Plymouth To Write Out Runtime Data...
         Starting AppArmor initialization...
         Starting Set console font and keymap...
         Starting ebtables ruleset management...
         Starting Commit a transient machine-id on disk...
[[0;32m  OK  [0m] Started Dispatch Password Requests to Console Directory Watch.
[[0;32m  OK  [0m] Reached target Local Encrypted Volumes.
[[0;32m  OK  [0m] Started Tell Plymouth To Write Out Runtime Data.
[[0;32m  OK  [0m] Started Create Volatile Files and Directories.
         Starting Update UTMP about System Boot/Shutdown...
[[0;32m  OK  [0m] Started Update UTMP about System Boot/Shutdown.
[[0;32m  OK  [0m] Started Commit a transient machine-id on disk.
[[0;32m  OK  [0m] Started ebtables ruleset management.
[[0;32m  OK  [0m] Started AppArmor initialization.
         Starting Initial cloud-init job (pre-networking)...
         Starting Load AppArmor profiles managed internally by snapd...
[[0;32m  OK  [0m] Started Load AppArmor profiles managed internally by snapd.
[[0;32m  OK  [0m] Started Set console font and keymap.
[   28.118337] cloud-init[748]: Cloud-init v. 22.2-0ubuntu1~18.04.3 running 'init-local' at Fri, 22 Jul 2022 19:33:52 +0000. Up 27.12 seconds.
[[0;32m  OK  [0m] Started Initial cloud-init job (pre-networking).
[[0;32m  OK  [0m] Reached target Network (Pre).
         Starting Network Service...
[[0;32m  OK  [0m] Started Network Service.
         Starting Network Name Resolution...
         Starting Wait for Network to be Configured...
[[0;32m  OK  [0m] Started Network Name Resolution.
[[0;32m  OK  [0m] Reached target Network.
[[0;32m  OK  [0m] Reached target Host and Network Name Lookups.
[[0;32m  OK  [0m] Started Wait for Network to be Configured.
         Starting Initial cloud-init job (metadata service crawler)...
[   31.133890] cloud-init[900]: Cloud-init v. 22.2-0ubuntu1~18.04.3 running 'init' at Fri, 22 Jul 2022 19:33:56 +0000. Up 30.74 seconds.
[   31.145153] cloud-init[900]: ci-info: ++++++++++++++++++++++++++++++++++++++Net device info+++++++++++++++++++++++++++++++++++++++
[   31.156730] cloud-init[900]: ci-info: +--------+-------+----------------------------+---------------+--------+-------------------+
[   31.166941] cloud-init[900]: ci-info: | Device |   Up  |          Address           |      Mask     | Scope  |     Hw-Address    |
[   31.178509] cloud-init[900]: ci-info: +--------+-------+----------------------------+---------------+--------+-------------------+
[   31.188852] cloud-init[900]: ci-info: | enp0s3 |  True |         10.0.2.15          | 255.255.255.0 | global | 02:70:df:2f:2a:c8 |
[   31.206961] cloud-init[900]: ci-info: | enp0s3 |  True | fe80::70:dfff:fe2f:2ac8/64 |       .       |  link  | 02:70:df:2f:2a:c8 |
[   31.219879] cloud-init[900]: ci-info: | enp0s8 | False |             .              |       .       |   .    | 08:00:27:47:4a:25 |
[   31.230169] cloud-init[900]: ci-info: | enp0s9 | False |             .              |       .       |   .    | 08:00:27:31:ca:1a |
[   31.239865] cloud-init[900]: ci-info: |   lo   |  True |         127.0.0.1          |   255.0.0.0   |  host  |         .         |
[   31.253298] cloud-init[900]: ci-info: |   lo   |  True |          ::1/128           |       .       |  host  |         .         |
[   31.267684] cloud-init[900]: ci-info: +--------+-------+----------------------------+---------------+--------+-------------------+
[   31.278413] cloud-init[900]: ci-info: ++++++++++++++++++++++++++++Route IPv4 info+++++++++++++++++++++++++++++
[   31.292715] cloud-init[900]: ci-info: +-------+-------------+----------+-----------------+-----------+-------+
[   31.301510] cloud-init[900]: ci-info: | Route | Destination | Gateway  |     Genmask     | Interface | Flags |
[   31.311028] cloud-init[900]: ci-info: +-------+-------------+----------+-----------------+-----------+-------+
[   31.320471] cloud-init[900]: ci-info: |   0   |   0.0.0.0   | 10.0.2.2 |     0.0.0.0     |   enp0s3  |   UG  |
[   31.329149] cloud-init[900]: ci-info: |   1   |   10.0.2.0  | 0.0.0.0  |  255.255.255.0  |   enp0s3  |   U   |
[   31.336485] cloud-init[900]: ci-info: |   2   |   10.0.2.2  | 0.0.0.0  | 255.255.255.255 |   enp0s3  |   UH  |
[   31.345998] cloud-init[900]: ci-info: +-------+-------------+----------+-----------------+-----------+-------+
[   31.362501] cloud-init[900]: ci-info: +++++++++++++++++++Route IPv6 info+++++++++++++++++++
[   31.378925] cloud-init[900]: ci-info: +-------+-------------+---------+-----------+-------+
[   31.395684] cloud-init[900]: ci-info: | Route | Destination | Gateway | Interface | Flags |
[   31.411718] cloud-init[900]: ci-info: +-------+-------------+---------+-----------+-------+
[   31.429519] cloud-init[900]: ci-info: |   1   |  fe80::/64  |    ::   |   enp0s3  |   U   |
[   31.446948] cloud-init[900]: ci-info: |   3   |    local    |    ::   |   enp0s3  |   U   |
[   31.462746] cloud-init[900]: ci-info: |   4   |   ff00::/8  |    ::   |   enp0s3  |   U   |
[   31.479300] cloud-init[900]: ci-info: +-------+-------------+---------+-----------+-------+
[   35.045724] cloud-init[900]: Generating public/private rsa key pair.
[   35.072631] cloud-init[900]: Your identification has been saved in /etc/ssh/ssh_host_rsa_key.
[   35.101506] cloud-init[900]: Your public key has been saved in /etc/ssh/ssh_host_rsa_key.pub.
[   35.117351] cloud-init[900]: The key fingerprint is:
[   35.122873] cloud-init[900]: SHA256:QTmhY7PXidYKoZGiJ9j06MVYhUTxWZ75qGbv8zpwhrs root@ubuntu-bionic
[   35.132054] cloud-init[900]: The key's randomart image is:
[   35.137758] cloud-init[900]: +---[RSA 2048]----+
[   35.142278] cloud-init[900]: |   o+o. +o       |
[   35.146838] cloud-init[900]: |    .+ *oo       |
[   35.153859] cloud-init[900]: |  o + O =.       |
[   35.165264] cloud-init[900]: |.+ B + = B .     |
[   35.177510] cloud-init[900]: |+ = = o.S =      |
[   35.188856] cloud-init[900]: | + .  o=o.       |
[   35.201706] cloud-init[900]: |  .   +=.        |
[   35.213787] cloud-init[900]: |     o..o        |
[   35.227908] cloud-init[900]: |      Eo+=.      |
[   35.245966] cloud-init[900]: +----[SHA256]-----+
[   35.269240] cloud-init[900]: Generating public/private dsa key pair.[[0;32m  OK  [0m] Started Initial cloud-init job (metadata service crawler).
[[0;32m  OK  [0m] Reached target Network is Online.
[[0;32m  OK  [0m] Reached target Remote File Systems (Pre).
[[0;32m  OK  [0m] Reached target Remote File Systems.
         Starting Availability of block devices...
[[0;32m  OK  [0m] Reached target Cloud-config availability.
[[0;32m  OK  [0m] Reached target System Initialization.
[[0;32m  OK  [0m] Listening on ACPID Listen Socket.
[[0;32m  OK  [0m] Started Ubuntu Advantage Timer for running repeated jobs.
[[0;32m  OK  [0m] Listening on Open-iSCSI iscsid Socket.
[[0;32m  OK  [0m] Listening on UUID daemon activation socket.

[   35.342026]          Starting LXD - unix socket.
[[0;32m  OK  [0m] Started Daily apt download activities.
[[0;32m  OK  [0m] Listening on D-Bus System Message Bus Socket.
[[0;32m  OK  [0m] Started Daily apt upgrade and clean activities.
[[0;32m  OK  [0m] Started Daily Cleanup of Temporary Directories.
         Starting Socket activation for snappy daemon.
[[0;32m  OK  [0m] Started Discard unused blocks once a week.
[[0;32m  OK  [0m] Listening on cloud-init hotplug hook socket.
[[0;32m  OK  [0m] Started Message of the Day.
[[0;32m  OK  [0m] Reached target Timers.
[[0;32m  OK  [0m] Started ACPI Events Check.
[[0;32m  OK  [0m] Reached target Paths.
[[0;32m  OK  [0m] Listening on Socket activation for snappy daemon.
cloud-init[900]: Your identification has been saved in /etc/ssh/ssh_host_dsa_key.
[   35.402153] cloud-init[900]: Your public key has been saved in /etc/ssh/ssh_host_dsa_key.pub.
[[0;32m  OK  [0m] Started Availability of block devices.
[   35.417135] cloud-init[900]: The key fingerprint is:
[   35.429351] cloud-init[900]: SHA256:58CqCKOE5931eoCYTxiIYLV5neq/SemHlZZptSJhZt8 root@ubuntu-bionic
[   35.438776] cloud-init[900]: The key's randomart image is:
[   35.445394] cloud-init[900]: +---[DSA 1024]----+
[   35.450010] cloud-init[900]: |  ..             |
[   35.454414] cloud-init[900]: |..  o . .        |
[   35.458829] cloud-init[900]: |o. + . o         |
[   35.465033] cloud-init[900]: |. . o .*   .     |
[   35.469871] cloud-init[900]: |     *+.S B .    |
[   35.478960] cloud-init[[0;32m  OK  [0m] Listening on LXD - unix socket.
[[0;32m  OK  [0m] Reached target Sockets.
[[0;32m  OK  [0m] Reached target Basic System.
         Starting Virtualbox guest utils...
[900]: |.   = ooo& E     |         Starting LXD - container startup/shutdown...
         Starting System Logging Service...
[[0;32m  OK  [0m] Started D-Bus System Message Bus.

[   35.543525] cloud-init[900]: |+..  +.oB.o      |
[   35.563397] cloud-init[900]: |o= o o=o.o.      |
[   35.585269] cloud-init[900]: |. o o .=+o.      |
[   35.599807] cloud-init[900]: +----[SHA256]-----+
[   35.617329] cloud-init[900]: Generating public/private ecdsa key pair.
[   35.633347] cloud-init[900]: Your identification has been saved in /etc/ssh/ssh_host_ecdsa_key.
[   35.657297] cloud-init[900]: Your public key has been saved in /etc/ssh/ssh_host_ecdsa_key.pub.
[   35.678064] cloud-init[900]: The key fingerprint is:
[   35.692687] cloud-init[900]: SHA256:r0yLNwjmmWLvHghDhr3AgdY0Sv16cqBNffp3AoiceMA root@ubuntu-bionic
[   35.706994] cloud-init[900]: The key's randomart image is:
[   35.719889] cloud-init[900]: +---[ECDSA 256]---+
[   35.732168] cloud-init[900]: |.o+o             |
[   35.743680] cloud-init[900]: |=ooo.            |
[   35.755624] cloud-init[900]: |==. o            |
[   35.765892] cloud-init[900]: |oE + o .         |
[   35.778944] cloud-init[900]: |o O = + S        |
[   35.790310] cloud-init[900]: | = Xo= . .       |
[   35.801869] cloud-init[900]: |  oo=+..o .      |
[   35.813850] cloud-init[900]: |  o +..=o= .     |
[   35.827906] cloud-init[900]: | . =+ ..=.o      |
[   35.841294] cloud-init[900]: +----[SHA256]-----+
[   35.854204] cloud-init[900]: Generating public/private ed25519 key pair.
[   35.869385] cloud-init[900]: Your identification has been saved in /etc/ssh/ssh_host_ed25519_key.
[   35.885486] cloud-init[900]: Your public key has been saved in /etc/ssh/ssh_host_ed25519_key.pub.
[   35.898940] cloud-init[900]: The key fingerprint is:
[   35.911124] cloud-init[900]: SHA256:nyJBzTKNk3gaJgthdWx51q729IjLMuiHjYcBBaXfan4 root@ubuntu-bionic
[   35.930322] cloud-init[900]: The key's randomart image is:
[   35.939827] cloud-init[900]: +--[ED25519 256]--+
[   35.951349] cloud-init[900]: |.o+o... .        |
[   35.963673] cloud-init[900]: |.....= O .       |
[   35.975882] cloud-init[900]: |..o = @ =        |
[   35.986379] cloud-init[900]: | o.+.= + .       |
[   35.998930] cloud-init[900]: |  o.... S        |
[   36.011723] cloud-init[900]: |   ..  + o .     |
[   36.025333] cloud-init[900]: |   oB o = =      |
[   36.038476] cloud-init[900]: |  o= E.o + .     |
[   36.064484] cloud-init[900]: |  .o+ oo.        |
[   36.078411] cloud-init[900]: +----[SHA256]-----+
         Starting Accounts Service...
         Starting Pollinate to seed the pseudo random number generator...
         Starting Login Service...
[[0;32m  OK  [0m] Started Deferred execution scheduler.
         Starting Dispatcher daemon for systemd-networkd...
         Starting Permit User Sessions...
         Starting Snap Daemon...
[[0;32m  OK  [0m] Started Regular background program processing daemon.
         Starting LSB: automatic crash report generation...
[[0;32m  OK  [0m] Started irqbalance daemon.
         Starting LSB: Record successful boot for GRUB...
[[0;32m  OK  [0m] Started FUSE filesystem for LXC.
[[0;32m  OK  [0m] Started System Logging Service.
[[0;32m  OK  [0m] Started Permit User Sessions.
[[0;32m  OK  [0m] Started Login Service.
[[0;32m  OK  [0m] Started Unattended Upgrades Shutdown.
         Starting Terminate Plymouth Boot Screen...
         Starting Hold until boot process finishes up...
[[0;32m  OK  [0m] Started Terminate Plymouth Boot Screen.
[[0;32m  OK  [0m] Started Hold until boot process finishes up.
[[0;32m  OK  [0m] Started Serial Getty on ttyS0.
         Starting Set console scheme...
         Starting Authorization Manager...
[[0;32m  OK  [0m] Started Set console scheme.
[[0;32m  OK  [0m] Created slice system-getty.slice.
[[0;32m  OK  [0m] Started Getty on tty1.
[[0;32m  OK  [0m] Reached target Login Prompts.
[[0;32m  OK  [0m] Started LSB: automatic crash report generation.
[[0;32m  OK  [0m] Started LSB: Record successful boot for GRUB.
[[0;32m  OK  [0m] Started Authorization Manager.
[[0;32m  OK  [0m] Started Accounts Service.
[[0;32m  OK  [0m] Started Virtualbox guest utils.
[[0;32m  OK  [0m] Started Dispatcher daemon for systemd-networkd.
[[0;32m  OK  [0m] Started LXD - container startup/shutdown.

Ubuntu 18.04.6 LTS ubuntu-bionic ttyS0

ubuntu-bionic login: [   49.994645] cloud-init[1511]: Cloud-init v. 22.2-0ubuntu1~18.04.3 running 'modules:config' at Fri, 22 Jul 2022 19:34:12 +0000. Up 47.25 seconds.
ci-info: no authorized SSH keys fingerprints found for user ubuntu.
<14>Jul 22 19:34:17 cloud-init: #############################################################
<14>Jul 22 19:34:17 cloud-init: -----BEGIN SSH HOST KEY FINGERPRINTS-----
<14>Jul 22 19:34:17 cloud-init: 1024 SHA256:58CqCKOE5931eoCYTxiIYLV5neq/SemHlZZptSJhZt8 root@ubuntu-bionic (DSA)
<14>Jul 22 19:34:17 cloud-init: 256 SHA256:r0yLNwjmmWLvHghDhr3AgdY0Sv16cqBNffp3AoiceMA root@ubuntu-bionic (ECDSA)
<14>Jul 22 19:34:17 cloud-init: 256 SHA256:nyJBzTKNk3gaJgthdWx51q729IjLMuiHjYcBBaXfan4 root@ubuntu-bionic (ED25519)
<14>Jul 22 19:34:17 cloud-init: 2048 SHA256:QTmhY7PXidYKoZGiJ9j06MVYhUTxWZ75qGbv8zpwhrs root@ubuntu-bionic (RSA)
<14>Jul 22 19:34:17 cloud-init: -----END SSH HOST KEY FINGERPRINTS-----
<14>Jul 22 19:34:17 cloud-init: #############################################################
-----BEGIN SSH HOST KEY KEYS-----
ecdsa-sha2-nistp256 AAAAE2VjZHNhLXNoYTItbmlzdHAyNTYAAAAIbmlzdHAyNTYAAABBBPuwDKcYOZUpuJOVyoaBclCPQ6otsPCZdjG27R5H1HtTvE3U7/OincOOAXCuJN+iSS/lmv76XeA5idAZA0uMzRM= root@ubuntu-bionic
ssh-ed25519 AAAAC3NzaC1lZDI1NTE5AAAAIDgLHvM3PkOT6SzckAJ3SJVpWC84k3GoH0jasWPOVi2S root@ubuntu-bionic
ssh-rsa AAAAB3NzaC1yc2EAAAADAQABAAABAQCShlYLaHe5sVcFJ5jSb+8n36OteqMv7zBacJ/Y1HLT9pYvg0/6eXpETVVmq9TvqhnWGN8Zt0HMucCEzyTBAJU5rn/vZDiiy1QPubxpzIGozo0jnQGmKbk2TwjJm6Op65JZIAhb0/6DZCOco0Z8F2khKdyo8LGmPgbTbBAs+ieJ/aLsbKw/xH2fErAQK6u17vCqIxWeJQjPDUddT9H9TYOtP4mJHli0kXQRdEYuRcpnRk7ZvND8dG2H1x0ELCGMESKHoamy6RqelXdvI/8fLpfFBpdvstkJol519ZhTX171Mozrus20tvD0DvdUCzVhO3lpg+5ISLXBpuh3EHwN7Jw3 root@ubuntu-bionic
-----END SSH HOST KEY KEYS-----
[   52.136878] cloud-init[1650]: Cloud-init v. 22.2-0ubuntu1~18.04.3 running 'modules:final' at Fri, 22 Jul 2022 19:34:16 +0000. Up 51.10 seconds.
[   52.153473] cloud-init[1650]: Cloud-init v. 22.2-0ubuntu1~18.04.3 finished at Fri, 22 Jul 2022 19:34:17 +0000. Datasource DataSourceNoCloud [seed=/dev/sdb][dsmode=net].  Up 52.11 seconds
